Archive member included to satisfy reference by file (symbol)

/Applications/STM32CubeIDE.app/Contents/Eclipse/plugins/com.st.stm32cube.ide.mcu.externaltools.gnu-tools-for-stm32.10.3-2021.10.macos64_1.0.0.202111181127/tools/bin/../lib/gcc/arm-none-eabi/10.3.1/../../../../arm-none-eabi/lib/thumb/v7e-m+fp/hard/libc_nano.a(lib_a-errno.o)
                              ./Src/syscalls.o (__errno)
/Applications/STM32CubeIDE.app/Contents/Eclipse/plugins/com.st.stm32cube.ide.mcu.externaltools.gnu-tools-for-stm32.10.3-2021.10.macos64_1.0.0.202111181127/tools/bin/../lib/gcc/arm-none-eabi/10.3.1/../../../../arm-none-eabi/lib/thumb/v7e-m+fp/hard/libc_nano.a(lib_a-exit.o)
                              /Applications/STM32CubeIDE.app/Contents/Eclipse/plugins/com.st.stm32cube.ide.mcu.externaltools.gnu-tools-for-stm32.10.3-2021.10.macos64_1.0.0.202111181127/tools/bin/../lib/gcc/arm-none-eabi/10.3.1/../../../../arm-none-eabi/lib/thumb/v7e-m+fp/hard/crt0.o (exit)
/Applications/STM32CubeIDE.app/Contents/Eclipse/plugins/com.st.stm32cube.ide.mcu.externaltools.gnu-tools-for-stm32.10.3-2021.10.macos64_1.0.0.202111181127/tools/bin/../lib/gcc/arm-none-eabi/10.3.1/../../../../arm-none-eabi/lib/thumb/v7e-m+fp/hard/libc_nano.a(lib_a-impure.o)
                              /Applications/STM32CubeIDE.app/Contents/Eclipse/plugins/com.st.stm32cube.ide.mcu.externaltools.gnu-tools-for-stm32.10.3-2021.10.macos64_1.0.0.202111181127/tools/bin/../lib/gcc/arm-none-eabi/10.3.1/../../../../arm-none-eabi/lib/thumb/v7e-m+fp/hard/libc_nano.a(lib_a-exit.o) (_global_impure_ptr)
/Applications/STM32CubeIDE.app/Contents/Eclipse/plugins/com.st.stm32cube.ide.mcu.externaltools.gnu-tools-for-stm32.10.3-2021.10.macos64_1.0.0.202111181127/tools/bin/../lib/gcc/arm-none-eabi/10.3.1/../../../../arm-none-eabi/lib/thumb/v7e-m+fp/hard/libc_nano.a(lib_a-init.o)
                              /Applications/STM32CubeIDE.app/Contents/Eclipse/plugins/com.st.stm32cube.ide.mcu.externaltools.gnu-tools-for-stm32.10.3-2021.10.macos64_1.0.0.202111181127/tools/bin/../lib/gcc/arm-none-eabi/10.3.1/../../../../arm-none-eabi/lib/thumb/v7e-m+fp/hard/crt0.o (__libc_init_array)
/Applications/STM32CubeIDE.app/Contents/Eclipse/plugins/com.st.stm32cube.ide.mcu.externaltools.gnu-tools-for-stm32.10.3-2021.10.macos64_1.0.0.202111181127/tools/bin/../lib/gcc/arm-none-eabi/10.3.1/../../../../arm-none-eabi/lib/thumb/v7e-m+fp/hard/libc_nano.a(lib_a-memset.o)
                              /Applications/STM32CubeIDE.app/Contents/Eclipse/plugins/com.st.stm32cube.ide.mcu.externaltools.gnu-tools-for-stm32.10.3-2021.10.macos64_1.0.0.202111181127/tools/bin/../lib/gcc/arm-none-eabi/10.3.1/../../../../arm-none-eabi/lib/thumb/v7e-m+fp/hard/crt0.o (memset)
/Applications/STM32CubeIDE.app/Contents/Eclipse/plugins/com.st.stm32cube.ide.mcu.externaltools.gnu-tools-for-stm32.10.3-2021.10.macos64_1.0.0.202111181127/tools/bin/../lib/gcc/arm-none-eabi/10.3.1/../../../../arm-none-eabi/lib/thumb/v7e-m+fp/hard/libc_nano.a(lib_a-setbuf.o)
                              ./Src/30010_io.o (setbuf)
/Applications/STM32CubeIDE.app/Contents/Eclipse/plugins/com.st.stm32cube.ide.mcu.externaltools.gnu-tools-for-stm32.10.3-2021.10.macos64_1.0.0.202111181127/tools/bin/../lib/gcc/arm-none-eabi/10.3.1/../../../../arm-none-eabi/lib/thumb/v7e-m+fp/hard/libc_nano.a(lib_a-setvbuf.o)
                              /Applications/STM32CubeIDE.app/Contents/Eclipse/plugins/com.st.stm32cube.ide.mcu.externaltools.gnu-tools-for-stm32.10.3-2021.10.macos64_1.0.0.202111181127/tools/bin/../lib/gcc/arm-none-eabi/10.3.1/../../../../arm-none-eabi/lib/thumb/v7e-m+fp/hard/libc_nano.a(lib_a-setbuf.o) (setvbuf)
/Applications/STM32CubeIDE.app/Contents/Eclipse/plugins/com.st.stm32cube.ide.mcu.externaltools.gnu-tools-for-stm32.10.3-2021.10.macos64_1.0.0.202111181127/tools/bin/../lib/gcc/arm-none-eabi/10.3.1/../../../../arm-none-eabi/lib/thumb/v7e-m+fp/hard/libc_nano.a(lib_a-fflush.o)
                              /Applications/STM32CubeIDE.app/Contents/Eclipse/plugins/com.st.stm32cube.ide.mcu.externaltools.gnu-tools-for-stm32.10.3-2021.10.macos64_1.0.0.202111181127/tools/bin/../lib/gcc/arm-none-eabi/10.3.1/../../../../arm-none-eabi/lib/thumb/v7e-m+fp/hard/libc_nano.a(lib_a-setvbuf.o) (_fflush_r)
/Applications/STM32CubeIDE.app/Contents/Eclipse/plugins/com.st.stm32cube.ide.mcu.externaltools.gnu-tools-for-stm32.10.3-2021.10.macos64_1.0.0.202111181127/tools/bin/../lib/gcc/arm-none-eabi/10.3.1/../../../../arm-none-eabi/lib/thumb/v7e-m+fp/hard/libc_nano.a(lib_a-findfp.o)
                              /Applications/STM32CubeIDE.app/Contents/Eclipse/plugins/com.st.stm32cube.ide.mcu.externaltools.gnu-tools-for-stm32.10.3-2021.10.macos64_1.0.0.202111181127/tools/bin/../lib/gcc/arm-none-eabi/10.3.1/../../../../arm-none-eabi/lib/thumb/v7e-m+fp/hard/libc_nano.a(lib_a-setvbuf.o) (__sinit)
[...]
Memory Configuration

Name             Origin             Length             Attributes
RAM              0x0000000020000000 0x0000000000004000 xrw
ROM              0x0000000008000000 0x0000000000010000 xr
*default*        0x0000000000000000 0xffffffffffffffff

Linker script and memory map

LOAD /Applications/STM32CubeIDE.app/Contents/Eclipse/plugins/com.st.stm32cube.ide.mcu.externaltools.gnu-tools-for-stm32.10.3-2021.10.macos64_1.0.0.202111181127/tools/bin/../lib/gcc/arm-none-eabi/10.3.1/thumb/v7e-m+fp/hard/crti.o
LOAD /Applications/STM32CubeIDE.app/Contents/Eclipse/plugins/com.st.stm32cube.ide.mcu.externaltools.gnu-tools-for-stm32.10.3-2021.10.macos64_1.0.0.202111181127/tools/bin/../lib/gcc/arm-none-eabi/10.3.1/thumb/v7e-m+fp/hard/crtbegin.o
LOAD /Applications/STM32CubeIDE.app/Contents/Eclipse/plugins/com.st.stm32cube.ide.mcu.externaltools.gnu-tools-for-stm32.10.3-2021.10.macos64_1.0.0.202111181127/tools/bin/../lib/gcc/arm-none-eabi/10.3.1/../../../../arm-none-eabi/lib/thumb/v7e-m+fp/hard/crt0.o
LOAD ./SPL/src/stm32f30x_adc.o
LOAD ./SPL/src/stm32f30x_can.o
LOAD ./SPL/src/stm32f30x_comp.o
LOAD ./SPL/src/stm32f30x_crc.o
LOAD ./SPL/src/stm32f30x_dac.o
LOAD ./SPL/src/stm32f30x_dbgmcu.o
LOAD ./SPL/src/stm32f30x_dma.o
LOAD ./SPL/src/stm32f30x_exti.o
LOAD ./SPL/src/stm32f30x_flash.o
LOAD ./SPL/src/stm32f30x_gpio.o
LOAD ./SPL/src/stm32f30x_i2c.o
LOAD ./SPL/src/stm32f30x_iwdg.o
LOAD ./SPL/src/stm32f30x_misc.o
LOAD ./SPL/src/stm32f30x_opamp.o
LOAD ./SPL/src/stm32f30x_pwr.o
LOAD ./SPL/src/stm32f30x_rcc.o
LOAD ./SPL/src/stm32f30x_rtc.o
LOAD ./SPL/src/stm32f30x_spi.o
LOAD ./SPL/src/stm32f30x_syscfg.o
LOAD ./SPL/src/stm32f30x_tim.o
LOAD ./SPL/src/stm32f30x_usart.o
LOAD ./SPL/src/stm32f30x_wwdg.o
LOAD ./Src/30010_io.o
LOAD ./Src/main.o
LOAD ./Src/syscalls.o
LOAD ./Src/sysmem.o
LOAD ./Src/system_stm32f30x.o
LOAD ./Startup/startup_stm32f302r8tx.o
START GROUP
LOAD /Applications/STM32CubeIDE.app/Contents/Eclipse/plugins/com.st.stm32cube.ide.mcu.externaltools.gnu-tools-for-stm32.10.3-2021.10.macos64_1.0.0.202111181127/tools/bin/../lib/gcc/arm-none-eabi/10.3.1/../../../../arm-none-eabi/lib/thumb/v7e-m+fp/hard/libc_nano.a
LOAD /Applications/STM32CubeIDE.app/Contents/Eclipse/plugins/com.st.stm32cube.ide.mcu.externaltools.gnu-tools-for-stm32.10.3-2021.10.macos64_1.0.0.202111181127/tools/bin/../lib/gcc/arm-none-eabi/10.3.1/../../../../arm-none-eabi/lib/thumb/v7e-m+fp/hard/libm.a
END GROUP
START GROUP
LOAD /Applications/STM32CubeIDE.app/Contents/Eclipse/plugins/com.st.stm32cube.ide.mcu.externaltools.gnu-tools-for-stm32.10.3-2021.10.macos64_1.0.0.202111181127/tools/bin/../lib/gcc/arm-none-eabi/10.3.1/thumb/v7e-m+fp/hard/libgcc.a
LOAD /Applications/STM32CubeIDE.app/Contents/Eclipse/plugins/com.st.stm32cube.ide.mcu.externaltools.gnu-tools-for-stm32.10.3-2021.10.macos64_1.0.0.202111181127/tools/bin/../lib/gcc/arm-none-eabi/10.3.1/../../../../arm-none-eabi/lib/thumb/v7e-m+fp/hard/libc_nano.a
END GROUP
START GROUP
LOAD /Applications/STM32CubeIDE.app/Contents/Eclipse/plugins/com.st.stm32cube.ide.mcu.externaltools.gnu-tools-for-stm32.10.3-2021.10.macos64_1.0.0.202111181127/tools/bin/../lib/gcc/arm-none-eabi/10.3.1/thumb/v7e-m+fp/hard/libgcc.a
LOAD /Applications/STM32CubeIDE.app/Contents/Eclipse/plugins/com.st.stm32cube.ide.mcu.externaltools.gnu-tools-for-stm32.10.3-2021.10.macos64_1.0.0.202111181127/tools/bin/../lib/gcc/arm-none-eabi/10.3.1/../../../../arm-none-eabi/lib/thumb/v7e-m+fp/hard/libc_nano.a
LOAD /Applications/STM32CubeIDE.app/Contents/Eclipse/plugins/com.st.stm32cube.ide.mcu.externaltools.gnu-tools-for-stm32.10.3-2021.10.macos64_1.0.0.202111181127/tools/bin/../lib/gcc/arm-none-eabi/10.3.1/../../../../arm-none-eabi/lib/thumb/v7e-m+fp/hard/libnosys.a
END GROUP
START GROUP
LOAD /Applications/STM32CubeIDE.app/Contents/Eclipse/plugins/com.st.stm32cube.ide.mcu.externaltools.gnu-tools-for-stm32.10.3-2021.10.macos64_1.0.0.202111181127/tools/bin/../lib/gcc/arm-none-eabi/10.3.1/thumb/v7e-m+fp/hard/libgcc.a
LOAD /Applications/STM32CubeIDE.app/Contents/Eclipse/plugins/com.st.stm32cube.ide.mcu.externaltools.gnu-tools-for-stm32.10.3-2021.10.macos64_1.0.0.202111181127/tools/bin/../lib/gcc/arm-none-eabi/10.3.1/../../../../arm-none-eabi/lib/thumb/v7e-m+fp/hard/libc_nano.a
LOAD /Applications/STM32CubeIDE.app/Contents/Eclipse/plugins/com.st.stm32cube.ide.mcu.externaltools.gnu-tools-for-stm32.10.3-2021.10.macos64_1.0.0.202111181127/tools/bin/../lib/gcc/arm-none-eabi/10.3.1/../../../../arm-none-eabi/lib/thumb/v7e-m+fp/hard/libnosys.a
END GROUP
LOAD /Applications/STM32CubeIDE.app/Contents/Eclipse/plugins/com.st.stm32cube.ide.mcu.externaltools.gnu-tools-for-stm32.10.3-2021.10.macos64_1.0.0.202111181127/tools/bin/../lib/gcc/arm-none-eabi/10.3.1/thumb/v7e-m+fp/hard/crtend.o
LOAD /Applications/STM32CubeIDE.app/Contents/Eclipse/plugins/com.st.stm32cube.ide.mcu.externaltools.gnu-tools-for-stm32.10.3-2021.10.macos64_1.0.0.202111181127/tools/bin/../lib/gcc/arm-none-eabi/10.3.1/thumb/v7e-m+fp/hard/crtn.o
                0x0000000020004000                _estack = (ORIGIN (RAM) + LENGTH (RAM))
                0x0000000000000200                _Min_Heap_Size = 0x200
                0x0000000000000400                _Min_Stack_Size = 0x400

.isr_vector     0x0000000008000000      0x188
                0x0000000008000000                . = ALIGN (0x4)
 *(.isr_vector)
 .isr_vector    0x0000000008000000      0x188 ./Startup/startup_stm32f302r8tx.o
                0x0000000008000000                g_pfnVectors
                0x0000000008000188                . = ALIGN (0x4)

.text           0x0000000008000188      0x338
                0x0000000008000188                . = ALIGN (0x4)
 *(.text)
 .text          0x0000000008000188       0x40 /Applications/STM32CubeIDE.app/Contents/Eclipse/plugins/com.st.stm32cube.ide.mcu.externaltools.gnu-tools-for-stm32.10.3-2021.10.macos64_1.0.0.202111181127/tools/bin/../lib/gcc/arm-none-eabi/10.3.1/thumb/v7e-m+fp/hard/crtbegin.o
 *(.text*)
 .text.USART_GetITStatus
                0x00000000080001c8       0xa0 ./SPL/src/stm32f30x_usart.o
                0x00000000080001c8                USART_GetITStatus
 .text.USART2_IRQHandler
                0x0000000008000268       0x74 ./Src/30010_io.o
                0x0000000008000268                USART2_IRQHandler
 .text.main     0x00000000080002dc        0x6 ./Src/main.o
                0x00000000080002dc                main
 *fill*         0x00000000080002e2        0x2 
 .text.SystemInit
                0x00000000080002e4       0x94 ./Src/system_stm32f30x.o
                0x00000000080002e4                SystemInit
 .text.SetSysClock
                0x0000000008000378       0x94 ./Src/system_stm32f30x.o
 .text.Reset_Handler
                0x000000000800040c       0x50 ./Startup/startup_stm32f302r8tx.o
                0x000000000800040c                Reset_Handler
 .text.Default_Handler
                0x000000000800045c        0x2 ./Startup/startup_stm32f302r8tx.o
                0x000000000800045c                TIM1_BRK_TIM15_IRQHandler
                0x000000000800045c                TIM8_CC_IRQHandler
                0x000000000800045c                DebugMon_Handler
                0x000000000800045c                DMA1_CH4_IRQHandler
                0x000000000800045c                TIM1_CC_IRQHandler
                0x000000000800045c                HardFault_Handler
                0x000000000800045c                USB_HP_IRQHandler
                0x000000000800045c                I2C2_EV_EXTI24_IRQHandler
                0x000000000800045c                SysTick_Handler
                0x000000000800045c                USB_WKUP_EXTI_IRQHandler
                0x000000000800045c                PVD_IRQHandler
                0x000000000800045c                UART4_EXTI34_IRQHandler
                0x000000000800045c                TAMP_STAMP_IRQHandler
                0x000000000800045c                PendSV_Handler
                0x000000000800045c                NMI_Handler
                0x000000000800045c                EXTI3_IRQHandler
                0x000000000800045c                TIM6_DACUNDER_IRQHandler
                0x000000000800045c                USB_HP_CAN_TX_IRQHandler
                0x000000000800045c                EXTI0_IRQHandler
                0x000000000800045c                DMA2_CH1_IRQHandler
                0x000000000800045c                FPU_IRQHandler
                0x000000000800045c                TIM1_UP_TIM16_IRQHandler
                0x000000000800045c                UsageFault_Handler
                0x000000000800045c                ADC1_2_IRQHandler
                0x000000000800045c                SPI1_IRQHandler
                0x000000000800045c                CAN_SCE_IRQHandler
                0x000000000800045c                DMA1_CH7_IRQHandler
                0x000000000800045c                TIM8_UP_IRQHandler
                0x000000000800045c                DMA1_CH6_IRQHandler
                0x000000000800045c                ADC3_IRQHandler
                0x000000000800045c                TIM4_IRQHandler
                0x000000000800045c                CAN_RX1_IRQHandler
                0x000000000800045c                USART1_EXTI25_IRQHandler
                0x000000000800045c                DMA2_CH5_IRQHandler
                0x000000000800045c                I2C1_EV_EXTI23_IRQHandler
                0x000000000800045c                DMA1_CH3_IRQHandler
                0x000000000800045c                TIM3_IRQHandler
                0x000000000800045c                RCC_IRQHandler
                0x000000000800045c                Default_Handler
                0x000000000800045c                EXTI15_10_IRQHandler
                0x000000000800045c                USART2_EXTI26_IRQHandler
                0x000000000800045c                USART3_EXTI28_IRQHandler
                0x000000000800045c                TIM7_IRQHandler
                0x000000000800045c                EXTI9_5_IRQHandler
                0x000000000800045c                DMA1_CH2_IRQHandler
                0x000000000800045c                RTC_WKUP_IRQHandler
                0x000000000800045c                SPI2_IRQHandler
                0x000000000800045c                DMA1_CH1_IRQHandler
                0x000000000800045c                USB_LP_CAN_RX0_IRQHandler
                0x000000000800045c                MemManage_Handler
                0x000000000800045c                SVC_Handler
                0x000000000800045c                USB_LP_IRQHandler
                0x000000000800045c                EXTI4_IRQHandler
                0x000000000800045c                TIM1_TRG_COM_TIM17_IRQHandler
                0x000000000800045c                ADC4_IRQHandler
                0x000000000800045c                WWDG_IRQHandler
                0x000000000800045c                TIM2_IRQHandler
                0x000000000800045c                EXTI1_IRQHandler
                0x000000000800045c                RTCAlarm_IRQHandler
                0x000000000800045c                UART5_EXTI35_IRQHandler
                0x000000000800045c                I2C2_ER_IRQHandler
                0x000000000800045c                TIM8_BRK_IRQHandler
                0x000000000800045c                FLASH_IRQHandler
                0x000000000800045c                BusFault_Handler
                0x000000000800045c                SPI3_IRQHandler
                0x000000000800045c                DMA2_CH3_IRQHandler
                0x000000000800045c                DMA2_CH2_IRQHandler
                0x000000000800045c                I2C1_ER_IRQHandler
                0x000000000800045c                FMC_IRQHandler
                0x000000000800045c                DMA1_CH5_IRQHandler
                0x000000000800045c                DMA2_CH4_IRQHandler
                0x000000000800045c                USB_WKUP_IRQHandler
                0x000000000800045c                EXTI2_TSC_IRQHandler
                0x000000000800045c                TIM8_TRG_COM_IRQHandler
 *fill*         0x000000000800045e        0x2 
 .text.__libc_init_array
                0x0000000008000460       0x48 /Applications/STM32CubeIDE.app/Contents/Eclipse/plugins/com.st.stm32cube.ide.mcu.externaltools.gnu-tools-for-stm32.10.3-2021.10.macos64_1.0.0.202111181127/tools/bin/../lib/gcc/arm-none-eabi/10.3.1/../../../../arm-none-eabi/lib/thumb/v7e-m+fp/hard/libc_nano.a(lib_a-init.o)
                0x0000000008000460                __libc_init_array
 *(.glue_7)
 .glue_7        0x00000000080004a8        0x0 linker stubs
 *(.glue_7t)
 .glue_7t       0x00000000080004a8        0x0 linker stubs
 *(.eh_frame)
 .eh_frame      0x00000000080004a8        0x0 /Applications/STM32CubeIDE.app/Contents/Eclipse/plugins/com.st.stm32cube.ide.mcu.externaltools.gnu-tools-for-stm32.10.3-2021.10.macos64_1.0.0.202111181127/tools/bin/../lib/gcc/arm-none-eabi/10.3.1/thumb/v7e-m+fp/hard/crtbegin.o
 *(.init)
 .init          0x00000000080004a8        0x4 /Applications/STM32CubeIDE.app/Contents/Eclipse/plugins/com.st.stm32cube.ide.mcu.externaltools.gnu-tools-for-stm32.10.3-2021.10.macos64_1.0.0.202111181127/tools/bin/../lib/gcc/arm-none-eabi/10.3.1/thumb/v7e-m+fp/hard/crti.o
                0x00000000080004a8                _init
 .init          0x00000000080004ac        0x8 /Applications/STM32CubeIDE.app/Contents/Eclipse/plugins/com.st.stm32cube.ide.mcu.externaltools.gnu-tools-for-stm32.10.3-2021.10.macos64_1.0.0.202111181127/tools/bin/../lib/gcc/arm-none-eabi/10.3.1/thumb/v7e-m+fp/hard/crtn.o
 *(.fini)
 .fini          0x00000000080004b4        0x4 /Applications/STM32CubeIDE.app/Contents/Eclipse/plugins/com.st.stm32cube.ide.mcu.externaltools.gnu-tools-for-stm32.10.3-2021.10.macos64_1.0.0.202111181127/tools/bin/../lib/gcc/arm-none-eabi/10.3.1/thumb/v7e-m+fp/hard/crti.o
                0x00000000080004b4                _fini
 .fini          0x00000000080004b8        0x8 /Applications/STM32CubeIDE.app/Contents/Eclipse/plugins/com.st.stm32cube.ide.mcu.externaltools.gnu-tools-for-stm32.10.3-2021.10.macos64_1.0.0.202111181127/tools/bin/../lib/gcc/arm-none-eabi/10.3.1/thumb/v7e-m+fp/hard/crtn.o
                0x00000000080004c0                . = ALIGN (0x4)
                0x00000000080004c0                _etext = .

.vfp11_veneer   0x00000000080004c0        0x0
 .vfp11_veneer  0x00000000080004c0        0x0 linker stubs

.v4_bx          0x00000000080004c0        0x0
 .v4_bx         0x00000000080004c0        0x0 linker stubs

.iplt           0x00000000080004c0        0x0
 .iplt          0x00000000080004c0        0x0 /Applications/STM32CubeIDE.app/Contents/Eclipse/plugins/com.st.stm32cube.ide.mcu.externaltools.gnu-tools-for-stm32.10.3-2021.10.macos64_1.0.0.202111181127/tools/bin/../lib/gcc/arm-none-eabi/10.3.1/thumb/v7e-m+fp/hard/crtbegin.o

.rel.dyn        0x00000000080004c0        0x0
 .rel.iplt      0x00000000080004c0        0x0 /Applications/STM32CubeIDE.app/Contents/Eclipse/plugins/com.st.stm32cube.ide.mcu.externaltools.gnu-tools-for-stm32.10.3-2021.10.macos64_1.0.0.202111181127/tools/bin/../lib/gcc/arm-none-eabi/10.3.1/thumb/v7e-m+fp/hard/crtbegin.o

.rodata         0x00000000080004c0        0x0
                0x00000000080004c0                . = ALIGN (0x4)
 *(.rodata)
 *(.rodata*)
                0x00000000080004c0                . = ALIGN (0x4)

.ARM.extab      0x00000000080004c0        0x0
                0x00000000080004c0                . = ALIGN (0x4)
 *(.ARM.extab* .gnu.linkonce.armextab.*)
                0x00000000080004c0                . = ALIGN (0x4)

.ARM            0x00000000080004c0        0x0
                0x00000000080004c0                . = ALIGN (0x4)
                0x00000000080004c0                __exidx_start = .
 *(.ARM.exidx*)
                0x00000000080004c0                __exidx_end = .
                0x00000000080004c0                . = ALIGN (0x4)

.preinit_array  0x00000000080004c0        0x0
                0x00000000080004c0                . = ALIGN (0x4)
                0x00000000080004c0                PROVIDE (__preinit_array_start = .)
 *(.preinit_array*)
                0x00000000080004c0                PROVIDE (__preinit_array_end = .)
                0x00000000080004c0                . = ALIGN (0x4)

.init_array     0x00000000080004c0        0x4
                0x00000000080004c0                . = ALIGN (0x4)
                0x00000000080004c0                PROVIDE (__init_array_start = .)
 *(SORT_BY_NAME(.init_array.*))
 *(.init_array*)
 .init_array    0x00000000080004c0        0x4 /Applications/STM32CubeIDE.app/Contents/Eclipse/plugins/com.st.stm32cube.ide.mcu.externaltools.gnu-tools-for-stm32.10.3-2021.10.macos64_1.0.0.202111181127/tools/bin/../lib/gcc/arm-none-eabi/10.3.1/thumb/v7e-m+fp/hard/crtbegin.o
                0x00000000080004c4                PROVIDE (__init_array_end = .)
                0x00000000080004c4                . = ALIGN (0x4)

.fini_array     0x00000000080004c4        0x4
                0x00000000080004c4                . = ALIGN (0x4)
                [!provide]                        PROVIDE (__fini_array_start = .)
 *(SORT_BY_NAME(.fini_array.*))
 *(.fini_array*)
 .fini_array    0x00000000080004c4        0x4 /Applications/STM32CubeIDE.app/Contents/Eclipse/plugins/com.st.stm32cube.ide.mcu.externaltools.gnu-tools-for-stm32.10.3-2021.10.macos64_1.0.0.202111181127/tools/bin/../lib/gcc/arm-none-eabi/10.3.1/thumb/v7e-m+fp/hard/crtbegin.o
                [!provide]                        PROVIDE (__fini_array_end = .)
                0x00000000080004c8                . = ALIGN (0x4)
                0x00000000080004c8                _sidata = LOADADDR (.data)

.data           0x0000000020000000        0x0 load address 0x00000000080004c8
                0x0000000020000000                . = ALIGN (0x4)
                0x0000000020000000                _sdata = .
 *(.data)
 *(.data*)
                0x0000000020000000                . = ALIGN (0x4)
                0x0000000020000000                _edata = .

.igot.plt       0x0000000020000000        0x0 load address 0x00000000080004c8
 .igot.plt      0x0000000020000000        0x0 /Applications/STM32CubeIDE.app/Contents/Eclipse/plugins/com.st.stm32cube.ide.mcu.externaltools.gnu-tools-for-stm32.10.3-2021.10.macos64_1.0.0.202111181127/tools/bin/../lib/gcc/arm-none-eabi/10.3.1/thumb/v7e-m+fp/hard/crtbegin.o
                0x0000000020000000                . = ALIGN (0x4)

.bss            0x0000000020000000      0x120 load address 0x00000000080004c8
                0x0000000020000000                _sbss = .
                0x0000000020000000                __bss_start__ = _sbss
 *(.bss)
 .bss           0x0000000020000000       0x1c /Applications/STM32CubeIDE.app/Contents/Eclipse/plugins/com.st.stm32cube.ide.mcu.externaltools.gnu-tools-for-stm32.10.3-2021.10.macos64_1.0.0.202111181127/tools/bin/../lib/gcc/arm-none-eabi/10.3.1/thumb/v7e-m+fp/hard/crtbegin.o
 *(.bss*)
 .bss.UART_BUFFER
                0x000000002000001c      0x100 ./Src/30010_io.o
                0x000000002000001c                UART_BUFFER
 .bss.UART_END_IDX
                0x000000002000011c        0x1 ./Src/30010_io.o
                0x000000002000011c                UART_END_IDX
 .bss.UART_START_IDX
                0x000000002000011d        0x1 ./Src/30010_io.o
                0x000000002000011d                UART_START_IDX
 .bss.UART_COUNT
                0x000000002000011e        0x1 ./Src/30010_io.o
                0x000000002000011e                UART_COUNT
 *(COMMON)
                0x0000000020000120                . = ALIGN (0x4)
 *fill*         0x000000002000011f        0x1 
                0x0000000020000120                _ebss = .
                0x0000000020000120                __bss_end__ = _ebss

._user_heap_stack
                0x0000000020000120      0x600 load address 0x00000000080004c8
                0x0000000020000120                . = ALIGN (0x8)
                0x0000000020000120                PROVIDE (end = .)
                [!provide]                        PROVIDE (_end = .)
                0x0000000020000320                . = (. + _Min_Heap_Size)
 *fill*         0x0000000020000120      0x200 
                0x0000000020000720                . = (. + _Min_Stack_Size)
 *fill*         0x0000000020000320      0x400 
                0x0000000020000720                . = ALIGN (0x8)

/DISCARD/
 libc.a(*)
 libm.a(*)
 libgcc.a(*)

.ARM.attributes
                0x0000000000000000       0x30
 *(.ARM.attributes)
 .ARM.attributes
                0x0000000000000000       0x1e /Applications/STM32CubeIDE.app/Contents/Eclipse/plugins/com.st.stm32cube.ide.mcu.externaltools.gnu-tools-for-stm32.10.3-2021.10.macos64_1.0.0.202111181127/tools/bin/../lib/gcc/arm-none-eabi/10.3.1/thumb/v7e-m+fp/hard/crti.o
 .ARM.attributes
                0x000000000000001e       0x34 /Applications/STM32CubeIDE.app/Contents/Eclipse/plugins/com.st.stm32cube.ide.mcu.externaltools.gnu-tools-for-stm32.10.3-2021.10.macos64_1.0.0.202111181127/tools/bin/../lib/gcc/arm-none-eabi/10.3.1/thumb/v7e-m+fp/hard/crtbegin.o
 .ARM.attributes
                0x0000000000000052       0x34 ./SPL/src/stm32f30x_usart.o
 .ARM.attributes
                0x0000000000000086       0x34 ./Src/30010_io.o
 .ARM.attributes
                0x00000000000000ba       0x34 ./Src/main.o
 .ARM.attributes
                0x00000000000000ee       0x34 ./Src/system_stm32f30x.o
 .ARM.attributes
                0x0000000000000122       0x21 ./Startup/startup_stm32f302r8tx.o
 .ARM.attributes
                0x0000000000000143       0x34 /Applications/STM32CubeIDE.app/Contents/Eclipse/plugins/com.st.stm32cube.ide.mcu.externaltools.gnu-tools-for-stm32.10.3-2021.10.macos64_1.0.0.202111181127/tools/bin/../lib/gcc/arm-none-eabi/10.3.1/../../../../arm-none-eabi/lib/thumb/v7e-m+fp/hard/libc_nano.a(lib_a-init.o)
 .ARM.attributes
                0x0000000000000177       0x1e /Applications/STM32CubeIDE.app/Contents/Eclipse/plugins/com.st.stm32cube.ide.mcu.externaltools.gnu-tools-for-stm32.10.3-2021.10.macos64_1.0.0.202111181127/tools/bin/../lib/gcc/arm-none-eabi/10.3.1/thumb/v7e-m+fp/hard/crtn.o
OUTPUT(FinalProject.elf elf32-littlearm)
LOAD linker stubs
LOAD /Applications/STM32CubeIDE.app/Contents/Eclipse/plugins/com.st.stm32cube.ide.mcu.externaltools.gnu-tools-for-stm32.10.3-2021.10.macos64_1.0.0.202111181127/tools/bin/../lib/gcc/arm-none-eabi/10.3.1/../../../../arm-none-eabi/lib/thumb/v7e-m+fp/hard/libc.a
LOAD /Applications/STM32CubeIDE.app/Contents/Eclipse/plugins/com.st.stm32cube.ide.mcu.externaltools.gnu-tools-for-stm32.10.3-2021.10.macos64_1.0.0.202111181127/tools/bin/../lib/gcc/arm-none-eabi/10.3.1/../../../../arm-none-eabi/lib/thumb/v7e-m+fp/hard/libm.a
LOAD /Applications/STM32CubeIDE.app/Contents/Eclipse/plugins/com.st.stm32cube.ide.mcu.externaltools.gnu-tools-for-stm32.10.3-2021.10.macos64_1.0.0.202111181127/tools/bin/../lib/gcc/arm-none-eabi/10.3.1/thumb/v7e-m+fp/hard/libgcc.a

.debug_info     0x0000000000000000     0x291c
 .debug_info    0x0000000000000000      0xfc5 ./SPL/src/stm32f30x_usart.o
 .debug_info    0x0000000000000fc5     0x139f ./Src/30010_io.o
 .debug_info    0x0000000000002364      0x113 ./Src/main.o
 .debug_info    0x0000000000002477      0x483 ./Src/system_stm32f30x.o
 .debug_info    0x00000000000028fa       0x22 ./Startup/startup_stm32f302r8tx.o

.debug_abbrev   0x0000000000000000      0x721
 .debug_abbrev  0x0000000000000000      0x1a1 ./SPL/src/stm32f30x_usart.o
 .debug_abbrev  0x00000000000001a1      0x381 ./Src/30010_io.o
 .debug_abbrev  0x0000000000000522       0xac ./Src/main.o
 .debug_abbrev  0x00000000000005ce      0x141 ./Src/system_stm32f30x.o
 .debug_abbrev  0x000000000000070f       0x12 ./Startup/startup_stm32f302r8tx.o

.debug_aranges  0x0000000000000000      0x290
 .debug_aranges
                0x0000000000000000      0x1a0 ./SPL/src/stm32f30x_usart.o
 .debug_aranges
                0x00000000000001a0       0x78 ./Src/30010_io.o
 .debug_aranges
                0x0000000000000218       0x20 ./Src/main.o
 .debug_aranges
                0x0000000000000238       0x30 ./Src/system_stm32f30x.o
 .debug_aranges
                0x0000000000000268       0x28 ./Startup/startup_stm32f302r8tx.o

.debug_ranges   0x0000000000000000      0x248
 .debug_ranges  0x0000000000000000      0x190 ./SPL/src/stm32f30x_usart.o
 .debug_ranges  0x0000000000000190       0x68 ./Src/30010_io.o
 .debug_ranges  0x00000000000001f8       0x10 ./Src/main.o
 .debug_ranges  0x0000000000000208       0x20 ./Src/system_stm32f30x.o
 .debug_ranges  0x0000000000000228       0x20 ./Startup/startup_stm32f302r8tx.o

.debug_macro    0x0000000000000000     0x197e
 .debug_macro   0x0000000000000000      0x1b3 ./SPL/src/stm32f30x_usart.o
 .debug_macro   0x00000000000001b3      0x35e ./SPL/src/stm32f30x_usart.o
 .debug_macro   0x0000000000000511      0x305 ./Src/30010_io.o
 .debug_macro   0x0000000000000816       0x52 ./Src/30010_io.o
 .debug_macro   0x0000000000000868       0x1e ./Src/30010_io.o
 .debug_macro   0x0000000000000886       0x3c ./Src/30010_io.o
 .debug_macro   0x00000000000008c2       0x34 ./Src/30010_io.o
 .debug_macro   0x00000000000008f6       0x16 ./Src/30010_io.o
 .debug_macro   0x000000000000090c       0x97 ./Src/30010_io.o
 .debug_macro   0x00000000000009a3      0x341 ./Src/30010_io.o
 .debug_macro   0x0000000000000ce4       0xfd ./Src/30010_io.o
 .debug_macro   0x0000000000000de1       0x10 ./Src/30010_io.o
 .debug_macro   0x0000000000000df1       0x16 ./Src/30010_io.o
 .debug_macro   0x0000000000000e07       0x43 ./Src/30010_io.o
 .debug_macro   0x0000000000000e4a       0x34 ./Src/30010_io.o
 .debug_macro   0x0000000000000e7e       0x10 ./Src/30010_io.o
 .debug_macro   0x0000000000000e8e       0x58 ./Src/30010_io.o
 .debug_macro   0x0000000000000ee6       0x71 ./Src/30010_io.o
 .debug_macro   0x0000000000000f57       0x1c ./Src/30010_io.o
 .debug_macro   0x0000000000000f73      0x12a ./Src/30010_io.o
 .debug_macro   0x000000000000109d       0x10 ./Src/30010_io.o
 .debug_macro   0x00000000000010ad       0x1c ./Src/30010_io.o
 .debug_macro   0x00000000000010c9       0x52 ./Src/30010_io.o
 .debug_macro   0x000000000000111b       0x22 ./Src/30010_io.o
 .debug_macro   0x000000000000113d       0x10 ./Src/30010_io.o
 .debug_macro   0x000000000000114d       0x52 ./Src/30010_io.o
 .debug_macro   0x000000000000119f       0xd5 ./Src/30010_io.o
 .debug_macro   0x0000000000001274       0x1c ./Src/30010_io.o
 .debug_macro   0x0000000000001290       0x3d ./Src/30010_io.o
 .debug_macro   0x00000000000012cd       0x16 ./Src/30010_io.o
 .debug_macro   0x00000000000012e3      0x145 ./Src/30010_io.o
 .debug_macro   0x0000000000001428      0x33e ./Src/main.o
 .debug_macro   0x0000000000001766       0x16 ./Src/main.o
 .debug_macro   0x000000000000177c       0x35 ./Src/main.o
 .debug_macro   0x00000000000017b1       0x20 ./Src/main.o
 .debug_macro   0x00000000000017d1       0x16 ./Src/main.o
 .debug_macro   0x00000000000017e7      0x197 ./Src/system_stm32f30x.o

.debug_line     0x0000000000000000     0x2c05
 .debug_line    0x0000000000000000      0xe26 ./SPL/src/stm32f30x_usart.o
 .debug_line    0x0000000000000e26      0xc5d ./Src/30010_io.o
 .debug_line    0x0000000000001a83      0x91e ./Src/main.o
 .debug_line    0x00000000000023a1      0x7e0 ./Src/system_stm32f30x.o
 .debug_line    0x0000000000002b81       0x84 ./Startup/startup_stm32f302r8tx.o

.debug_str      0x0000000000000000    0x57fda
 .debug_str     0x0000000000000000    0x53399 ./SPL/src/stm32f30x_usart.o
                                      0x53532 (size before relaxing)
 .debug_str     0x0000000000053399     0x49c4 ./Src/30010_io.o
                                      0x57811 (size before relaxing)
 .debug_str     0x0000000000057d5d      0x106 ./Src/main.o
                                      0x56ced (size before relaxing)
 .debug_str     0x0000000000057e63      0x111 ./Src/system_stm32f30x.o
                                      0x52cb0 (size before relaxing)
 .debug_str     0x0000000000057f74       0x66 ./Startup/startup_stm32f302r8tx.o

.comment        0x0000000000000000       0x50
 .comment       0x0000000000000000       0x50 ./SPL/src/stm32f30x_usart.o
                                         0x51 (size before relaxing)
 .comment       0x0000000000000050       0x51 ./Src/30010_io.o
 .comment       0x0000000000000050       0x51 ./Src/main.o
 .comment       0x0000000000000050       0x51 ./Src/system_stm32f30x.o

.debug_frame    0x0000000000000000      0xa2c
 .debug_frame   0x0000000000000000      0x7b0 ./SPL/src/stm32f30x_usart.o
 .debug_frame   0x00000000000007b0      0x1b4 ./Src/30010_io.o
 .debug_frame   0x0000000000000964       0x28 ./Src/main.o
 .debug_frame   0x000000000000098c       0x74 ./Src/system_stm32f30x.o
 .debug_frame   0x0000000000000a00       0x2c /Applications/STM32CubeIDE.app/Contents/Eclipse/plugins/com.st.stm32cube.ide.mcu.externaltools.gnu-tools-for-stm32.10.3-2021.10.macos64_1.0.0.202111181127/tools/bin/../lib/gcc/arm-none-eabi/10.3.1/../../../../arm-none-eabi/lib/thumb/v7e-m+fp/hard/libc_nano.a(lib_a-init.o)
